Archive member included to satisfy reference by file (symbol)

lib/orangescrt.a(printf.o)    kernel/main.o (printf)
lib/orangescrt.a(vsprintf.o)  kernel/main.o (vsprintf)
lib/orangescrt.a(string.o)    kernel/start.o (memcpy)
lib/orangescrt.a(misc.o)      kernel/main.o (send_recv)
lib/orangescrt.a(open.o)      kernel/main.o (open)
lib/orangescrt.a(read.o)      kernel/main.o (read)
lib/orangescrt.a(write.o)     kernel/main.o (write)
lib/orangescrt.a(close.o)     kernel/main.o (close)
lib/orangescrt.a(unlink.o)    kernel/main.o (unlink)
lib/orangescrt.a(getpid.o)    kernel/main.o (getpid)
lib/orangescrt.a(stat.o)      mm/exec.o (stat)
lib/orangescrt.a(fork.o)      kernel/main.o (fork)
lib/orangescrt.a(wait.o)      kernel/main.o (wait)
lib/orangescrt.a(exec.o)      kernel/main.o (execv)
lib/orangescrt.a(syscall.o)   lib/orangescrt.a(misc.o) (sendrec)

Allocating common symbols
Common symbol       size              file

idt_ptr             0x6               kernel/global.o
inode_table         0xb00             kernel/global.o
task_stack          0x24000           kernel/global.o
k_reenter           0x4               kernel/global.o
gdt                 0x400             kernel/global.o
current_console     0x4               kernel/global.o
pcaller             0x4               kernel/global.o
queue_table         0x240             kernel/global.o
tty_table           0xdec             kernel/global.o
tss                 0x68              kernel/global.o
fs_msg              0x30              kernel/global.o
memory_size         0x4               kernel/global.o
f_desc_table        0x400             kernel/global.o
root_inode          0x4               kernel/global.o
disp_pos            0x4               kernel/global.o
mm_msg              0x30              kernel/global.o
key_pressed         0x4               kernel/global.o
gdt_ptr             0x6               kernel/global.o
idt                 0x800             kernel/global.o
super_block         0x1e0             kernel/global.o
PARTITION_ENTRY     0x10              kernel/hd.o
ticks               0x4               kernel/global.o
console_table       0x3c              kernel/global.o
irq_table           0x40              kernel/global.o
p_proc_ready        0x4               kernel/global.o
proc_table          0x3b8c            kernel/global.o

Discarded input sections

 .note.GNU-stack
                0x0000000000000000        0x0 kernel/start.o
 .note.GNU-stack
                0x0000000000000000        0x0 kernel/main.o
 .note.GNU-stack
                0x0000000000000000        0x0 kernel/clock.o
 .note.GNU-stack
                0x0000000000000000        0x0 kernel/keyboard.o
 .note.GNU-stack
                0x0000000000000000        0x0 kernel/tty.o
 .note.GNU-stack
                0x0000000000000000        0x0 kernel/console.o
 .note.GNU-stack
                0x0000000000000000        0x0 kernel/i8259.o
 .note.GNU-stack
                0x0000000000000000        0x0 kernel/global.o
 .note.GNU-stack
                0x0000000000000000        0x0 kernel/protect.o
 .note.GNU-stack
                0x0000000000000000        0x0 kernel/proc.o
 .note.GNU-stack
                0x0000000000000000        0x0 kernel/systask.o
 .note.GNU-stack
                0x0000000000000000        0x0 kernel/hd.o
 .note.GNU-stack
                0x0000000000000000        0x0 kernel/klib.o
 .note.GNU-stack
                0x0000000000000000        0x0 kernel/animation.o
 .note.GNU-stack
                0x0000000000000000        0x0 lib/syslog.o
 .note.GNU-stack
                0x0000000000000000        0x0 mm/main.o
 .note.GNU-stack
                0x0000000000000000        0x0 mm/forkexit.o
 .note.GNU-stack
                0x0000000000000000        0x0 mm/exec.o
 .note.GNU-stack
                0x0000000000000000        0x0 fs/main.o
 .note.GNU-stack
                0x0000000000000000        0x0 fs/open.o
 .note.GNU-stack
                0x0000000000000000        0x0 fs/misc.o
 .note.GNU-stack
                0x0000000000000000        0x0 fs/read_write.o
 .note.GNU-stack
                0x0000000000000000        0x0 fs/link.o
 .note.GNU-stack
                0x0000000000000000        0x0 fs/disklog.o
 .note.GNU-stack
                0x0000000000000000        0x0 lib/orangescrt.a(printf.o)
 .note.GNU-stack
                0x0000000000000000        0x0 lib/orangescrt.a(vsprintf.o)
 .note.GNU-stack
                0x0000000000000000        0x0 lib/orangescrt.a(misc.o)
 .note.GNU-stack
                0x0000000000000000        0x0 lib/orangescrt.a(open.o)
 .note.GNU-stack
                0x0000000000000000        0x0 lib/orangescrt.a(read.o)
 .note.GNU-stack
                0x0000000000000000        0x0 lib/orangescrt.a(write.o)
 .note.GNU-stack
                0x0000000000000000        0x0 lib/orangescrt.a(close.o)
 .note.GNU-stack
                0x0000000000000000        0x0 lib/orangescrt.a(unlink.o)
 .note.GNU-stack
                0x0000000000000000        0x0 lib/orangescrt.a(getpid.o)
 .note.GNU-stack
                0x0000000000000000        0x0 lib/orangescrt.a(stat.o)
 .note.GNU-stack
                0x0000000000000000        0x0 lib/orangescrt.a(fork.o)
 .note.GNU-stack
                0x0000000000000000        0x0 lib/orangescrt.a(wait.o)
 .note.GNU-stack
                0x0000000000000000        0x0 lib/orangescrt.a(exec.o)

Memory Configuration

Name             Origin             Length             Attributes
*default*        0x0000000000000000 0xffffffffffffffff

Linker script and memory map

Address of section .text set to 0x1000
LOAD kernel/kernel.o
LOAD kernel/start.o
LOAD kernel/main.o
LOAD kernel/clock.o
LOAD kernel/keyboard.o
LOAD kernel/tty.o
LOAD kernel/console.o
LOAD kernel/i8259.o
LOAD kernel/global.o
LOAD kernel/protect.o
LOAD kernel/proc.o
LOAD kernel/systask.o
LOAD kernel/hd.o
LOAD kernel/kliba.o
LOAD kernel/klib.o
LOAD kernel/animation.o
LOAD lib/syslog.o
LOAD mm/main.o
LOAD mm/forkexit.o
LOAD mm/exec.o
LOAD fs/main.o
LOAD fs/open.o
LOAD fs/misc.o
LOAD fs/read_write.o
LOAD fs/link.o
LOAD fs/disklog.o
LOAD lib/orangescrt.a
                [!provide]                        PROVIDE (__executable_start, 0x8048000)
                0x0000000008048094                . = (0x8048000 + SIZEOF_HEADERS)

.interp
 *(.interp)

.note.gnu.build-id
 *(.note.gnu.build-id)

.hash
 *(.hash)

.gnu.hash
 *(.gnu.hash)

.dynsym
 *(.dynsym)

.dynstr
 *(.dynstr)

.gnu.version
 *(.gnu.version)

.gnu.version_d
 *(.gnu.version_d)

.gnu.version_r
 *(.gnu.version_r)

.rel.dyn        0x0000000008048094        0x0
 *(.rel.init)
 *(.rel.text .rel.text.* .rel.gnu.linkonce.t.*)
 .rel.text      0x0000000008048094        0x0 kernel/kernel.o
 *(.rel.fini)
 *(.rel.rodata .rel.rodata.* .rel.gnu.linkonce.r.*)
 *(.rel.data.rel.ro .rel.data.rel.ro.* .rel.gnu.linkonce.d.rel.ro.*)
 *(.rel.data .rel.data.* .rel.gnu.linkonce.d.*)
 .rel.data      0x0000000008048094        0x0 kernel/kernel.o
 *(.rel.tdata .rel.tdata.* .rel.gnu.linkonce.td.*)
 *(.rel.tbss .rel.tbss.* .rel.gnu.linkonce.tb.*)
 *(.rel.ctors)
 *(.rel.dtors)
 *(.rel.got)
 *(.rel.bss .rel.bss.* .rel.gnu.linkonce.b.*)
 *(.rel.ifunc)

.rel.plt        0x0000000008048094        0x0
 *(.rel.plt)
                [!provide]                        PROVIDE (__rel_iplt_start, .)
 *(.rel.iplt)
 .rel.iplt      0x0000000008048094        0x0 kernel/kernel.o
                [!provide]                        PROVIDE (__rel_iplt_end, .)

.init
 *(SORT(.init))

.plt            0x00000000080480a0        0x0
 *(.plt)
 *(.iplt)
 .iplt          0x00000000080480a0        0x0 kernel/kernel.o

.plt.got
 *(.plt.got)

.text           0x0000000000001000     0xee88
 *(.text.unlikely .text.*_unlikely .text.unlikely.*)
 *(.text.exit .text.exit.*)
 *(.text.startup .text.startup.*)
 *(.text.hot .text.hot.*)
 *(.text .stub .text.* .gnu.linkonce.t.*)
 .text          0x0000000000001000      0x410 kernel/kernel.o
                0x0000000000001000                _start
                0x0000000000001040                hwint00
                0x0000000000001070                hwint01
                0x00000000000010a0                hwint02
                0x00000000000010d0                hwint03
                0x0000000000001100                hwint04
                0x0000000000001130                hwint05
                0x0000000000001160                hwint06
                0x0000000000001190                hwint07
                0x00000000000011c0                hwint08
                0x00000000000011f0                hwint09
                0x0000000000001220                hwint10
                0x0000000000001250                hwint11
                0x0000000000001280                hwint12
                0x00000000000012b0                hwint13
                0x00000000000012e0                hwint14
                0x0000000000001310                hwint15
                0x0000000000001334                divide_error
                0x000000000000133a                single_step_exception
                0x0000000000001340                nmi
                0x0000000000001346                breakpoint_exception
                0x000000000000134c                overflow
                0x0000000000001352                bounds_check
                0x0000000000001358                inval_opcode
                0x000000000000135e                copr_not_available
                0x0000000000001364                double_fault
                0x0000000000001368                copr_seg_overrun
                0x000000000000136e                inval_tss
                0x0000000000001372                segment_not_present
                0x0000000000001376                stack_exception
                0x000000000000137a                general_protection
                0x000000000000137e                page_fault
                0x0000000000001382                copr_error
                0x00000000000013cb                sys_call
                0x00000000000013eb                restart
 .text          0x0000000000001410       0x95 kernel/start.o
                0x0000000000001410                cstart
 .text          0x00000000000014a5     0x17f5 kernel/main.o
                0x00000000000014a5                kernel_main
                0x0000000000001822                get_ticks
                0x0000000000001856                untar
                0x0000000000001a14                help
                0x0000000000001bdd                clean
                0x0000000000001c16                reset
                0x0000000000001c4f                pidof
                0x0000000000001ca5                fillpath
                0x0000000000001f6e                shabby_shell
                0x0000000000002aac                eraseArray
                0x0000000000002ad5                Init
                0x0000000000002c42                TestA
                0x0000000000002c47                TestB
                0x0000000000002c4c                TestC
                0x0000000000002c51                panic
 .text          0x0000000000002c9a      0x10d kernel/clock.o
                0x0000000000002c9a                clock_handler
                0x0000000000002d15                milli_delay
                0x0000000000002d4f                init_clock
 .text          0x0000000000002da7      0x6da kernel/keyboard.o
                0x0000000000002da7                keyboard_handler
                0x0000000000002e11                init_keyboard
                0x0000000000002ec0                keyboard_read
 .text          0x0000000000003481      0xc11 kernel/tty.o
                0x000000000000358c                task_tty
                0x00000000000037d9                in_process
                0x0000000000003d92                sys_printx
                0x0000000000003f31                dump_tty_buf
 .text          0x0000000000004092      0x7d7 kernel/console.o
                0x0000000000004092                init_screen
                0x0000000000004206                out_char
                0x00000000000044e3                is_current_console
                0x00000000000045d6                select_console
                0x0000000000004616                scroll_screen
 .text          0x0000000000004869      0x130 kernel/i8259.o
                0x0000000000004869                init_8259A
                0x000000000000493e                spurious_irq
                0x0000000000004975                put_irq_handler
 .text          0x0000000000004999        0x0 kernel/global.o
 .text          0x0000000000004999      0x65f kernel/protect.o
                0x0000000000004999                init_prot
                0x0000000000004e01                seg2linear
                0x0000000000004e50                init_desc
                0x0000000000004ebd                exception_handler
 .text          0x0000000000004ff8     0x1880 kernel/proc.o
                0x0000000000004ff8                schedule
                0x00000000000051c3                isEmpty
                0x00000000000051de                isFull
                0x0000000000005263                append_proc
                0x00000000000052d3                sys_sendrec
                0x00000000000053fc                ldt_seg_linear
                0x0000000000005446                va2la
                0x00000000000054a7                reset_msg
                0x00000000000062b0                inform_int
                0x000000000000642c                dump_proc
                0x000000000000676b                dump_msg
 .text          0x0000000000006878      0x2bc kernel/systask.o
                0x0000000000006878                task_sys
 .text          0x0000000000006b34      0xe1f kernel/hd.o
                0x0000000000006b34                task_hd
                0x0000000000007928                hd_handler
 *fill*         0x0000000000007953        0xd 
 .text          0x0000000000007960      0x19a kernel/kliba.o
                0x0000000000007960                disp_str
                0x000000000000799e                disp_color_str
                0x00000000000079dd                out_byte
                0x00000000000079e9                in_byte
                0x00000000000079f3                port_read
                0x0000000000007a06                port_write
                0x0000000000007a19                disable_irq
                0x0000000000007a4e                enable_irq
                0x0000000000007a6d                disable_int
                0x0000000000007a6f                enable_int
                0x0000000000007a71                glitter
 .text          0x0000000000007afa      0x2af kernel/klib.o
                0x0000000000007afa                get_boot_params
                0x0000000000007b80                get_kernel_map
                0x0000000000007c90                itoa
                0x0000000000007d3b                disp_int
                0x0000000000007d62                delay
 .text          0x0000000000007da9      0xf69 kernel/animation.o
                0x0000000000007da9                animation
 .text          0x0000000000008d12       0x6f lib/syslog.o
                0x0000000000008d12                syslog
 .text          0x0000000000008d81      0x1bc mm/main.o
                0x0000000000008d81                task_mm
                0x0000000000008eb8                alloc_mem
                0x0000000000008f33                free_mem
 .text          0x0000000000008f3d      0x5d3 mm/forkexit.o
                0x0000000000008f3d                do_fork
                0x0000000000009291                do_exit
                0x000000000000945a                do_wait
 .text          0x0000000000009510      0x356 mm/exec.o
                0x0000000000009510                do_exec
 .text          0x0000000000009866     0x1165 fs/main.o
                0x0000000000009866                task_fs
                0x000000000000a3b0                rw_sector
                0x000000000000a5d3                get_super_block
                0x000000000000a619                get_inode
                0x000000000000a77c                put_inode
                0x000000000000a7ba                sync_inode
 .text          0x000000000000a9cb      0xcd1 fs/open.o
                0x000000000000a9cb                do_open
                0x000000000000b017                do_close
                0x000000000000b092                do_lseek
 .text          0x000000000000b69c      0xec0 fs/misc.o
                0x000000000000b69c                do_stat
                0x000000000000b86d                search_file
                0x000000000000b9cc                strip_path
                0x000000000000baf5                search_from_dir
                0x000000000000bbf6                do_show_dir
                0x000000000000c08f                strcmpN
                0x000000000000c12b                do_cnrt
                0x000000000000c2b3                do_rename
 .text          0x000000000000c55c      0x501 fs/read_write.o
                0x000000000000c55c                do_rdwt
 .text          0x000000000000ca5d      0x811 fs/link.o
                0x000000000000ca5d                do_unlink
 .text          0x000000000000d26e     0x1fc4 fs/disklog.o
                0x000000000000d26e                disklog
                0x000000000000d7db                dump_fd_graph
 .text          0x000000000000f232       0xad lib/orangescrt.a(printf.o)
                0x000000000000f232                printf
                0x000000000000f29d                printl
 .text          0x000000000000f2df      0x305 lib/orangescrt.a(vsprintf.o)
                0x000000000000f33d                vsprintf
                0x000000000000f5be                sprintf
 *fill*         0x000000000000f5e4        0xc 
 .text          0x000000000000f5f0       0x78 lib/orangescrt.a(string.o)
                0x000000000000f5f0                memcpy
                0x000000000000f619                memset
                0x000000000000f63a                strcpy
                0x000000000000f652                strlen
 .text          0x000000000000f668      0x256 lib/orangescrt.a(misc.o)
                0x000000000000f668                send_recv
                0x000000000000f722                memcmp
                0x000000000000f798                strcmp
                0x000000000000f80b                strcat
                0x000000000000f86a                spin
                0x000000000000f885                assertion_failure
 .text          0x000000000000f8be      0x101 lib/orangescrt.a(open.o)
                0x000000000000f8be                open
                0x000000000000f921                rename
 .text          0x000000000000f9bf       0x79 lib/orangescrt.a(read.o)
                0x000000000000f9bf                read
                0x000000000000f9f6                show_dir
 .text          0x000000000000fa38       0x37 lib/orangescrt.a(write.o)
                0x000000000000fa38                write
 .text          0x000000000000fa6f       0x2b lib/orangescrt.a(close.o)
                0x000000000000fa6f                close
 .text          0x000000000000fa9a       0x3c lib/orangescrt.a(unlink.o)
                0x000000000000fa9a                unlink
 .text          0x000000000000fad6       0x46 lib/orangescrt.a(getpid.o)
                0x000000000000fad6                getpid
 .text          0x000000000000fb1c       0x63 lib/orangescrt.a(stat.o)
                0x000000000000fb1c                stat
 .text          0x000000000000fb7f       0x66 lib/orangescrt.a(fork.o)
                0x000000000000fb7f                fork
 .text          0x000000000000fbe5       0x3c lib/orangescrt.a(wait.o)
                0x000000000000fbe5                wait
 .text          0x000000000000fc21      0x237 lib/orangescrt.a(exec.o)
                0x000000000000fc21                exec
                0x000000000000fc8c                execl
                0x000000000000fcb1                execv
 *fill*         0x000000000000fe58        0x8 
 .text          0x000000000000fe60       0x28 lib/orangescrt.a(syscall.o)
                0x000000000000fe60                sendrec
                0x000000000000fe7a                printx
 *(.gnu.warning)

.fini
 *(SORT(.fini))
                [!provide]                        PROVIDE (__etext, .)
                [!provide]                        PROVIDE (_etext, .)
                [!provide]                        PROVIDE (etext, .)

.rodata         0x000000000000fea0     0x7baf
 *(.rodata .rodata.* .gnu.linkonce.r.*)
 .rodata        0x000000000000fea0       0x47 kernel/start.o
 *fill*         0x000000000000fee7        0x1 
 .rodata        0x000000000000fee8      0x8c4 kernel/main.o
 .rodata        0x00000000000107ac       0x64 kernel/keyboard.o
 .rodata        0x0000000000010810      0x170 kernel/tty.o
 .rodata        0x0000000000010980       0x5b kernel/console.o
 .rodata        0x00000000000109db       0x11 kernel/i8259.o
 .rodata        0x00000000000109ec       0x10 kernel/global.o
                0x00000000000109ec                FSBUF_SIZE
                0x00000000000109f0                MMBUF_SIZE
                0x00000000000109f4                LOGBUF_SIZE
                0x00000000000109f8                LOGDISKBUF_SIZE
 *fill*         0x00000000000109fc        0x4 
 .rodata        0x0000000000010a00      0x580 kernel/protect.o
 .rodata        0x0000000000010f80      0x5da kernel/proc.o
 .rodata        0x000000000001155a       0x11 kernel/systask.o
 *fill*         0x000000000001156b        0x1 
 .rodata        0x000000000001156c      0x1df kernel/hd.o
 *fill*         0x000000000001174b        0x1 
 .rodata        0x000000000001174c       0x6a kernel/klib.o
 *fill*         0x00000000000117b6        0x2 
 .rodata        0x00000000000117b8     0x4d6d kernel/animation.o
 .rodata        0x0000000000016525       0x1e lib/syslog.o
 *fill*         0x0000000000016543        0x1 
 .rodata        0x0000000000016544       0xb1 mm/main.o
 *fill*         0x00000000000165f5        0x3 
 .rodata        0x00000000000165f8       0xe7 mm/forkexit.o
 *fill*         0x00000000000166df        0x1 
 .rodata        0x00000000000166e0       0xa4 mm/exec.o
 .rodata        0x0000000000016784      0x2fa fs/main.o
 *fill*         0x0000000000016a7e        0x2 
 .rodata        0x0000000000016a80      0x14a fs/open.o
 *fill*         0x0000000000016bca        0x2 
 .rodata        0x0000000000016bcc      0x163 fs/misc.o
 *fill*         0x0000000000016d2f        0x1 
 .rodata        0x0000000000016d30      0x16d fs/read_write.o
 *fill*         0x0000000000016e9d        0x3 
 .rodata        0x0000000000016ea0      0x1ad fs/link.o
 *fill*         0x000000000001704d        0x3 
 .rodata        0x0000000000017050      0x806 fs/disklog.o
 .rodata        0x0000000000017856       0x14 lib/orangescrt.a(printf.o)
 *fill*         0x000000000001786a        0x2 
 .rodata        0x000000000001786c       0xad lib/orangescrt.a(misc.o)
 .rodata        0x0000000000017919       0x34 lib/orangescrt.a(open.o)
 .rodata        0x000000000001794d       0x25 lib/orangescrt.a(getpid.o)
 .rodata        0x0000000000017972       0x23 lib/orangescrt.a(stat.o)
 .rodata        0x0000000000017995       0x33 lib/orangescrt.a(fork.o)
 .rodata        0x00000000000179c8       0x87 lib/orangescrt.a(exec.o)

.rodata1
 *(.rodata1)

.eh_frame_hdr
 *(.eh_frame_hdr)
 *(.eh_frame_entry .eh_frame_entry.*)

.eh_frame       0x0000000000017a50     0x1544
 *(.eh_frame)
 .eh_frame      0x0000000000017a50       0x38 kernel/start.o
 .eh_frame      0x0000000000017a88      0x1c8 kernel/main.o
                                        0x1e0 (size before relaxing)
 .eh_frame      0x0000000000017c50       0x60 kernel/clock.o
                                         0x78 (size before relaxing)
 .eh_frame      0x0000000000017cb0       0xe0 kernel/keyboard.o
                                         0xf8 (size before relaxing)
 .eh_frame      0x0000000000017d90      0x184 kernel/tty.o
                                        0x19c (size before relaxing)
 .eh_frame      0x0000000000017f14      0x144 kernel/console.o
                                        0x15c (size before relaxing)
 .eh_frame      0x0000000000018058       0x60 kernel/i8259.o
                                         0x78 (size before relaxing)
 .eh_frame      0x00000000000180b8       0xb0 kernel/protect.o
                                         0xc8 (size before relaxing)
 .eh_frame      0x0000000000018168      0x23c kernel/proc.o
                                        0x254 (size before relaxing)
 .eh_frame      0x00000000000183a4       0x5c kernel/systask.o
                                         0x74 (size before relaxing)
 .eh_frame      0x0000000000018400      0x1f0 kernel/hd.o
                                        0x208 (size before relaxing)
 .eh_frame      0x00000000000185f0       0xa0 kernel/klib.o
                                         0xb8 (size before relaxing)
 .eh_frame      0x0000000000018690       0x20 kernel/animation.o
                                         0x38 (size before relaxing)
 .eh_frame      0x00000000000186b0       0x20 lib/syslog.o
                                         0x38 (size before relaxing)
 .eh_frame      0x00000000000186d0       0x7c mm/main.o
                                         0x94 (size before relaxing)
 .eh_frame      0x000000000001874c       0x90 mm/forkexit.o
                                         0xa8 (size before relaxing)
 .eh_frame      0x00000000000187dc       0x2c mm/exec.o
                                         0x44 (size before relaxing)
 .eh_frame      0x0000000000018808      0x170 fs/main.o
                                        0x188 (size before relaxing)
 .eh_frame      0x0000000000018978      0x124 fs/open.o
                                        0x13c (size before relaxing)
 .eh_frame      0x0000000000018a9c      0x120 fs/misc.o
                                        0x138 (size before relaxing)
 .eh_frame      0x0000000000018bbc       0x2c fs/read_write.o
                                         0x44 (size before relaxing)
 .eh_frame      0x0000000000018be8       0x2c fs/link.o
                                         0x44 (size before relaxing)
 .eh_frame      0x0000000000018c14       0x60 fs/disklog.o
                                         0x78 (size before relaxing)
 .eh_frame      0x0000000000018c74       0x40 lib/orangescrt.a(printf.o)
                                         0x58 (size before relaxing)
 .eh_frame      0x0000000000018cb4       0x60 lib/orangescrt.a(vsprintf.o)
                                         0x78 (size before relaxing)
 .eh_frame      0x0000000000018d14       0xbc lib/orangescrt.a(misc.o)
                                         0xd4 (size before relaxing)
 .eh_frame      0x0000000000018dd0       0x44 lib/orangescrt.a(open.o)
                                         0x5c (size before relaxing)
 .eh_frame      0x0000000000018e14       0x40 lib/orangescrt.a(read.o)
                                         0x58 (size before relaxing)
 .eh_frame      0x0000000000018e54       0x20 lib/orangescrt.a(write.o)
                                         0x38 (size before relaxing)
 .eh_frame      0x0000000000018e74       0x20 lib/orangescrt.a(close.o)
                                         0x38 (size before relaxing)
 .eh_frame      0x0000000000018e94       0x20 lib/orangescrt.a(unlink.o)
                                         0x38 (size before relaxing)
 .eh_frame      0x0000000000018eb4       0x20 lib/orangescrt.a(getpid.o)
                                         0x38 (size before relaxing)
 .eh_frame      0x0000000000018ed4       0x20 lib/orangescrt.a(stat.o)
                                         0x38 (size before relaxing)
 .eh_frame      0x0000000000018ef4       0x20 lib/orangescrt.a(fork.o)
                                         0x38 (size before relaxing)
 .eh_frame      0x0000000000018f14       0x20 lib/orangescrt.a(wait.o)
                                         0x38 (size before relaxing)
 .eh_frame      0x0000000000018f34       0x60 lib/orangescrt.a(exec.o)
                                         0x78 (size before relaxing)
 *(.eh_frame.*)

.gcc_except_table
 *(.gcc_except_table .gcc_except_table.*)

.gnu_extab
 *(.gnu_extab*)

.exception_ranges
 *(.exception_ranges .exception_ranges*)
                0x0000000000019000                . = DATA_SEGMENT_ALIGN (0x1000, 0x1000)

.eh_frame
 *(.eh_frame)
 *(.eh_frame.*)

.gnu_extab
 *(.gnu_extab)

.gcc_except_table
 *(.gcc_except_table .gcc_except_table.*)

.exception_ranges
 *(.exception_ranges .exception_ranges*)

.tdata
 *(.tdata .tdata.* .gnu.linkonce.td.*)

.tbss
 *(.tbss .tbss.* .gnu.linkonce.tb.*)
 *(.tcommon)

.preinit_array  0x0000000000019000        0x0
                [!provide]                        PROVIDE (__preinit_array_start, .)
 *(.preinit_array)
                [!provide]                        PROVIDE (__preinit_array_end, .)

.init_array     0x0000000000019000        0x0
                [!provide]                        PROVIDE (__init_array_start, .)
 *(SORT(.init_array.*) SORT(.ctors.*))
 *(.init_array EXCLUDE_FILE(*crtend?.o *crtend.o *crtbegin?.o *crtbegin.o) .ctors)
                [!provide]                        PROVIDE (__init_array_end, .)

.fini_array     0x0000000000019000        0x0
                [!provide]                        PROVIDE (__fini_array_start, .)
 *(SORT(.fini_array.*) SORT(.dtors.*))
 *(.fini_array EXCLUDE_FILE(*crtend?.o *crtend.o *crtbegin?.o *crtbegin.o) .dtors)
                [!provide]                        PROVIDE (__fini_array_end, .)

.ctors
 *crtbegin.o(.ctors)
 *crtbegin?.o(.ctors)
 *(EXCLUDE_FILE(*crtend?.o *crtend.o) .ctors)
 *(SORT(.ctors.*))
 *(.ctors)

.dtors
 *crtbegin.o(.dtors)
 *crtbegin?.o(.dtors)
 *(EXCLUDE_FILE(*crtend?.o *crtend.o) .dtors)
 *(SORT(.dtors.*))
 *(.dtors)

.jcr
 *(.jcr)

.data.rel.ro
 *(.data.rel.ro.local* .gnu.linkonce.d.rel.ro.local.*)
 *(.data.rel.ro .data.rel.ro.* .gnu.linkonce.d.rel.ro.*)

.dynamic
 *(.dynamic)

.got
 *(.got)
 *(.igot)
                0x0000000000019000                . = DATA_SEGMENT_RELRO_END (., (SIZEOF (.got.plt) >= 0xc)?0xc:0x0)

.got.plt        0x0000000000019000        0x0
 *(.got.plt)
 *(.igot.plt)
 .igot.plt      0x0000000000019000        0x0 kernel/kernel.o

.data           0x0000000000019000      0x824
 *(.data .data.* .gnu.linkonce.d.*)
 .data          0x0000000000019000        0x2 kernel/kernel.o
 .data          0x0000000000019002        0x0 kernel/start.o
 .data          0x0000000000019002        0x0 kernel/main.o
 .data          0x0000000000019002        0x0 kernel/clock.o
 *fill*         0x0000000000019002       0x1e 
 .data          0x0000000000019020      0x600 kernel/keyboard.o
                0x0000000000019020                keymap
 .data          0x0000000000019620       0x22 kernel/tty.o
 .data          0x0000000000019642        0x0 kernel/console.o
 .data          0x0000000000019642        0x0 kernel/i8259.o
 *fill*         0x0000000000019642       0x1e 
 .data          0x0000000000019660      0x1c4 kernel/global.o
                0x0000000000019660                task_table
                0x0000000000019740                user_proc_table
                0x00000000000197e0                priority_table
                0x00000000000197f0                sys_call_table
                0x00000000000197fc                dd_map
                0x0000000000019814                fsbuf
                0x0000000000019818                mmbuf
                0x000000000001981c                logbuf
                0x0000000000019820                logdiskbuf
 .data          0x0000000000019824        0x0 kernel/protect.o
 .data          0x0000000000019824        0x0 kernel/proc.o
 .data          0x0000000000019824        0x0 kernel/systask.o
 .data          0x0000000000019824        0x0 kernel/hd.o
 .data          0x0000000000019824        0x0 kernel/klib.o
 .data          0x0000000000019824        0x0 kernel/animation.o
 .data          0x0000000000019824        0x0 lib/syslog.o
 .data          0x0000000000019824        0x0 mm/main.o
 .data          0x0000000000019824        0x0 mm/forkexit.o
 .data          0x0000000000019824        0x0 mm/exec.o
 .data          0x0000000000019824        0x0 fs/main.o
 .data          0x0000000000019824        0x0 fs/open.o
 .data          0x0000000000019824        0x0 fs/misc.o
 .data          0x0000000000019824        0x0 fs/read_write.o
 .data          0x0000000000019824        0x0 fs/link.o
 .data          0x0000000000019824        0x0 fs/disklog.o
 .data          0x0000000000019824        0x0 lib/orangescrt.a(printf.o)
 .data          0x0000000000019824        0x0 lib/orangescrt.a(vsprintf.o)
 .data          0x0000000000019824        0x0 lib/orangescrt.a(misc.o)
 .data          0x0000000000019824        0x0 lib/orangescrt.a(open.o)
 .data          0x0000000000019824        0x0 lib/orangescrt.a(read.o)
 .data          0x0000000000019824        0x0 lib/orangescrt.a(write.o)
 .data          0x0000000000019824        0x0 lib/orangescrt.a(close.o)
 .data          0x0000000000019824        0x0 lib/orangescrt.a(unlink.o)
 .data          0x0000000000019824        0x0 lib/orangescrt.a(getpid.o)
 .data          0x0000000000019824        0x0 lib/orangescrt.a(stat.o)
 .data          0x0000000000019824        0x0 lib/orangescrt.a(fork.o)
 .data          0x0000000000019824        0x0 lib/orangescrt.a(wait.o)
 .data          0x0000000000019824        0x0 lib/orangescrt.a(exec.o)

.data1
 *(.data1)
                0x0000000000019824                _edata = .
                [!provide]                        PROVIDE (edata, .)
                0x0000000000019824                . = .
                0x0000000000019824                __bss_start = .

.bss            0x0000000000019840    0x2bbdc
 *(.dynbss)
 *(.bss .bss.* .gnu.linkonce.b.*)
 .bss           0x0000000000019840      0x800 kernel/kernel.o
 .bss           0x000000000001a040        0x0 kernel/start.o
 .bss           0x000000000001a040        0x0 kernel/main.o
 .bss           0x000000000001a040        0x0 kernel/clock.o
 .bss           0x000000000001a040       0x58 kernel/keyboard.o
 .bss           0x000000000001a098        0x0 kernel/tty.o
 .bss           0x000000000001a098        0x0 kernel/console.o
 .bss           0x000000000001a098        0x0 kernel/i8259.o
 .bss           0x000000000001a098        0x0 kernel/global.o
 .bss           0x000000000001a098        0x0 kernel/protect.o
 .bss           0x000000000001a098        0x0 kernel/proc.o
 .bss           0x000000000001a098        0x0 kernel/systask.o
 *fill*         0x000000000001a098        0x8 
 .bss           0x000000000001a0a0      0x64c kernel/hd.o
 .bss           0x000000000001a6ec        0x0 kernel/klib.o
 .bss           0x000000000001a6ec        0x0 kernel/animation.o
 .bss           0x000000000001a6ec        0x0 lib/syslog.o
 .bss           0x000000000001a6ec        0x0 mm/main.o
 .bss           0x000000000001a6ec        0x0 mm/forkexit.o
 .bss           0x000000000001a6ec        0x0 mm/exec.o
 .bss           0x000000000001a6ec        0x0 fs/main.o
 .bss           0x000000000001a6ec        0x0 fs/open.o
 .bss           0x000000000001a6ec        0x0 fs/misc.o
 .bss           0x000000000001a6ec        0x0 fs/read_write.o
 .bss           0x000000000001a6ec        0x0 fs/link.o
 *fill*         0x000000000001a6ec       0x14 
 .bss           0x000000000001a700      0x208 fs/disklog.o
 .bss           0x000000000001a908        0x0 lib/orangescrt.a(printf.o)
 .bss           0x000000000001a908        0x0 lib/orangescrt.a(vsprintf.o)
 .bss           0x000000000001a908        0x0 lib/orangescrt.a(misc.o)
 .bss           0x000000000001a908        0x0 lib/orangescrt.a(open.o)
 .bss           0x000000000001a908        0x0 lib/orangescrt.a(read.o)
 .bss           0x000000000001a908        0x0 lib/orangescrt.a(write.o)
 .bss           0x000000000001a908        0x0 lib/orangescrt.a(close.o)
 .bss           0x000000000001a908        0x0 lib/orangescrt.a(unlink.o)
 .bss           0x000000000001a908        0x0 lib/orangescrt.a(getpid.o)
 .bss           0x000000000001a908        0x0 lib/orangescrt.a(stat.o)
 .bss           0x000000000001a908        0x0 lib/orangescrt.a(fork.o)
 .bss           0x000000000001a908        0x0 lib/orangescrt.a(wait.o)
 .bss           0x000000000001a908        0x0 lib/orangescrt.a(exec.o)
 *(COMMON)
 *fill*         0x000000000001a908       0x18 
 COMMON         0x000000000001a920    0x2aaec kernel/global.o
                0x000000000001a920                idt_ptr
                0x000000000001a940                inode_table
                0x000000000001b440                task_stack
                0x000000000003f440                k_reenter
                0x000000000003f460                gdt
                0x000000000003f860                current_console
                0x000000000003f864                pcaller
                0x000000000003f880                queue_table
                0x000000000003fac0                tty_table
                0x00000000000408c0                tss
                0x0000000000040940                fs_msg
                0x0000000000040970                memory_size
                0x0000000000040980                f_desc_table
                0x0000000000040d80                root_inode
                0x0000000000040d84                disp_pos
                0x0000000000040da0                mm_msg
                0x0000000000040dd0                key_pressed
                0x0000000000040dd4                gdt_ptr
                0x0000000000040de0                idt
                0x00000000000415e0                super_block
                0x00000000000417c0                ticks
                0x00000000000417e0                console_table
                0x0000000000041820                irq_table
                0x0000000000041860                p_proc_ready
                0x0000000000041880                proc_table
 COMMON         0x000000000004540c       0x10 kernel/hd.o
                0x000000000004540c                PARTITION_ENTRY
                0x000000000004541c                . = ALIGN ((. != 0x0)?0x4:0x1)
                0x000000000004541c                . = ALIGN (0x4)
                0x000000000004541c                . = SEGMENT_START ("ldata-segment", .)
                0x000000000004541c                . = ALIGN (0x4)
                0x000000000004541c                _end = .
                [!provide]                        PROVIDE (end, .)
                0x000000000004541c                . = DATA_SEGMENT_END (.)

.stab
 *(.stab)

.stabstr
 *(.stabstr)

.stab.excl
 *(.stab.excl)

.stab.exclstr
 *(.stab.exclstr)

.stab.index
 *(.stab.index)

.stab.indexstr
 *(.stab.indexstr)

.comment        0x0000000000000000       0x34
 *(.comment)
 .comment       0x0000000000000000       0x34 kernel/start.o
                                         0x35 (size before relaxing)
 .comment       0x0000000000000034       0x35 kernel/main.o
 .comment       0x0000000000000034       0x35 kernel/clock.o
 .comment       0x0000000000000034       0x35 kernel/keyboard.o
 .comment       0x0000000000000034       0x35 kernel/tty.o
 .comment       0x0000000000000034       0x35 kernel/console.o
 .comment       0x0000000000000034       0x35 kernel/i8259.o
 .comment       0x0000000000000034       0x35 kernel/global.o
 .comment       0x0000000000000034       0x35 kernel/protect.o
 .comment       0x0000000000000034       0x35 kernel/proc.o
 .comment       0x0000000000000034       0x35 kernel/systask.o
 .comment       0x0000000000000034       0x35 kernel/hd.o
 .comment       0x0000000000000034       0x35 kernel/klib.o
 .comment       0x0000000000000034       0x35 kernel/animation.o
 .comment       0x0000000000000034       0x35 lib/syslog.o
 .comment       0x0000000000000034       0x35 mm/main.o
 .comment       0x0000000000000034       0x35 mm/forkexit.o
 .comment       0x0000000000000034       0x35 mm/exec.o
 .comment       0x0000000000000034       0x35 fs/main.o
 .comment       0x0000000000000034       0x35 fs/open.o
 .comment       0x0000000000000034       0x35 fs/misc.o
 .comment       0x0000000000000034       0x35 fs/read_write.o
 .comment       0x0000000000000034       0x35 fs/link.o
 .comment       0x0000000000000034       0x35 fs/disklog.o
 .comment       0x0000000000000034       0x35 lib/orangescrt.a(printf.o)
 .comment       0x0000000000000034       0x35 lib/orangescrt.a(vsprintf.o)
 .comment       0x0000000000000034       0x35 lib/orangescrt.a(misc.o)
 .comment       0x0000000000000034       0x35 lib/orangescrt.a(open.o)
 .comment       0x0000000000000034       0x35 lib/orangescrt.a(read.o)
 .comment       0x0000000000000034       0x35 lib/orangescrt.a(write.o)
 .comment       0x0000000000000034       0x35 lib/orangescrt.a(close.o)
 .comment       0x0000000000000034       0x35 lib/orangescrt.a(unlink.o)
 .comment       0x0000000000000034       0x35 lib/orangescrt.a(getpid.o)
 .comment       0x0000000000000034       0x35 lib/orangescrt.a(stat.o)
 .comment       0x0000000000000034       0x35 lib/orangescrt.a(fork.o)
 .comment       0x0000000000000034       0x35 lib/orangescrt.a(wait.o)
 .comment       0x0000000000000034       0x35 lib/orangescrt.a(exec.o)

.debug
 *(.debug)

.line
 *(.line)

.debug_srcinfo
 *(.debug_srcinfo)

.debug_sfnames
 *(.debug_sfnames)

.debug_aranges
 *(.debug_aranges)

.debug_pubnames
 *(.debug_pubnames)

.debug_info
 *(.debug_info .gnu.linkonce.wi.*)

.debug_abbrev
 *(.debug_abbrev)

.debug_line
 *(.debug_line .debug_line.* .debug_line_end)

.debug_frame
 *(.debug_frame)

.debug_str
 *(.debug_str)

.debug_loc
 *(.debug_loc)

.debug_macinfo
 *(.debug_macinfo)

.debug_weaknames
 *(.debug_weaknames)

.debug_funcnames
 *(.debug_funcnames)

.debug_typenames
 *(.debug_typenames)

.debug_varnames
 *(.debug_varnames)

.debug_pubtypes
 *(.debug_pubtypes)

.debug_ranges
 *(.debug_ranges)

.debug_macro
 *(.debug_macro)

.gnu.attributes
 *(.gnu.attributes)

/DISCARD/
 *(.note.GNU-stack)
 *(.gnu_debuglink)
 *(.gnu.lto_*)
OUTPUT(kernel.bin elf32-i386)
